// Jest Snapshot v1, https://goo.gl/fbAQLP

exports[`SpriteServer.dropUser() should throw an error if supplied "username" is a number 1`] = `[Error: Failed to create database "9".]`;
