// Jest Snapshot v1, https://goo.gl/fbAQLP

exports[`SpriteBase.encodeCredentials() should throw an error if no password is provided 1`] = `"SpriteBase is not defined"`;

exports[`SpriteBase.encodeCredentials() should throw an error if no username is provided 1`] = `"SpriteBase is not defined"`;
