// Jest Snapshot v1, https://goo.gl/fbAQLP

exports[`SqlDialect.insertRecord() should propagate errors from the database 1`] = `[ArcadeDatabaseError: Internal error. Type with name 'INVALID_TYPE_NAME' was not found.]`;
