// Jest Snapshot v1, https://goo.gl/fbAQLP

exports[`SqlDialect.selectOne() should propagate errors from the database 1`] = `[Error: Could not select RID: [INVALID_RID], from database SpriteIntegrationTesting.]`;
