// Jest Snapshot v1, https://goo.gl/fbAQLP

exports[`SpriteServer.createUser should propagate errors from the database 1`] = `[Error: Could not create user newUser. In database(s): SpriteIntegrationTesting]`;
